
> focusvault-frontend@1.0.0 build
> vite build

[36mvite v5.4.21 [32mbuilding for production...[36m[39m
transforming...
[32mΓ£ô[39m 3896 modules transformed.
node.exe : [31mx[39m Build failed in 13.97s
At line:1 char:1
+ & "C:\Program Files\nodejs/node.exe" "C:\Users\rishi\AppData\Roaming\ ...
+ ~~~~~~~~~~~~~~~~~~~~~~~~~~~~~~~~~~~~~~~~~~~~~~~~~~~~~~~~~~~~~~~~~~~~~
    + CategoryInfo          : NotSpecified: ([31mx[39m Build failed in 13.97s:String) [], RemoteException
    + FullyQualifiedErrorId : NativeCommandError
 
[31merror during build:
[31msrc/components/dashboard/CreatorSection.jsx (3:9): "Instagram" is not exported by 
"node_modules/lucide-react/dist/esm/lucide-react.js", imported by "src/components/dashboard/CreatorSection.jsx".[31m
file: [36mC:/Users/rishi/OneDrive/Desktop/Apna development/focus 
vault/frontend/src/components/dashboard/CreatorSection.jsx:3:9[31m
[33m
1: import React from 'react';
2: import { motion } from 'framer-motion';
3: import { Instagram, Youtube, Linkedin, Github, Globe, Heart } from 'lucide-react';
            ^
4: 
5: const SocialLink = ({ href, icon: Icon, label, colorClass, glowClass }) => (
[31m
    at getRollupError (file:///C:/Users/rishi/OneDrive/Desktop/Apna%20development/focus%20vault/frontend/node_modules/r
ollup/dist/es/shared/parseAst.js:406:41)
    at error (file:///C:/Users/rishi/OneDrive/Desktop/Apna%20development/focus%20vault/frontend/node_modules/rollup/dis
t/es/shared/parseAst.js:402:42)
    at Module.error (file:///C:/Users/rishi/OneDrive/Desktop/Apna%20development/focus%20vault/frontend/node_modules/rol
lup/dist/es/shared/node-entry.js:17380:16)
    at Module.traceVariable (file:///C:/Users/rishi/OneDrive/Desktop/Apna%20development/focus%20vault/frontend/node_mod
ules/rollup/dist/es/shared/node-entry.js:17813:29)
    at ModuleScope.findVariable (file:///C:/Users/rishi/OneDrive/Desktop/Apna%20development/focus%20vault/frontend/node
_modules/rollup/dist/es/shared/node-entry.js:15403:39)
    at FunctionScope.findVariable (file:///C:/Users/rishi/OneDrive/Desktop/Apna%20development/focus%20vault/frontend/no
de_modules/rollup/dist/es/shared/node-entry.js:5676:38)
    at FunctionBodyScope.findVariable (file:///C:/Users/rishi/OneDrive/Desktop/Apna%20development/focus%20vault/fronten
d/node_modules/rollup/dist/es/shared/node-entry.js:5676:38)
    at Identifier.bind (file:///C:/Users/rishi/OneDrive/Desktop/Apna%20development/focus%20vault/frontend/node_modules/
rollup/dist/es/shared/node-entry.js:5450:40)
    at Property.bind (file:///C:/Users/rishi/OneDrive/Desktop/Apna%20development/focus%20vault/frontend/node_modules/ro
llup/dist/es/shared/node-entry.js:2832:23)
    at ObjectExpression.bind (file:///C:/Users/rishi/OneDrive/Desktop/Apna%20development/focus%20vault/frontend/node_mo
dules/rollup/dist/es/shared/node-entry.js:2828:28)[39m
